C51 COMPILER V7.00  POWER                                                                  09/29/2026 07:47:58 PAGE 1   


C51 COMPILER V7.00, COMPILATION OF MODULE POWER
OBJECT MODULE PLACED IN output\power.obj
COMPILER INVOKED BY: E:\keil\C51\BIN\c51.exe source\power.c LARGE OBJECT(output\power.obj)

stmt level    source

   1          #include "power.h"
   2          #include "motor.h"
   3          
   4          static Power_State_t s_power_state = POWER_STATE_OFF;
   5          static Charger_State_t s_charger_state = CHARGER_STATE_NONE;
   6          static volatile u32 s_idle_counter = 0;
   7          static u8 s_last_p05_state = 0;
   8          
   9          static void Check_Charger_PlugUnplug(void);
  10          static void Update_Charging_Status(void);
  11          static void Check_AutoPowerOff(void);
  12          
  13          /**
  14           * @brief  INT4中断服务程序 - 充电器插入/拔出检测
  15           * @note   向量号: INTERRUPT_VECTOR_CHARGER (6)
  16           *         触发条件：P0.5上升沿或下降沿
  17           */
  18          void Charger_ISR_Handler(void) interrupt INTERRUPT_VECTOR_CHARGER
  19          {
  20   1          if (EPIF & 0x04)
  21   1          {
  22   2              EPIF = 0x04;
  23   2              
  24   2              if (GPIO_ReadPin(CHARGER_DETECT_PIN) == GPIO_LEVEL_HIGH)
  25   2              {
  26   3                  if (GPIO_ReadPin(CHARGE_STATUS_PIN) == GPIO_LEVEL_HIGH)
  27   3                  {
  28   4                      s_charger_state = CHARGER_STATE_FULL;
  29   4                  }
  30   3                  else
  31   3                  {
  32   4                      s_charger_state = CHARGER_STATE_CHARGING;
  33   4                  }
  34   3              }
  35   2              else
  36   2              {
  37   3                  s_charger_state = CHARGER_STATE_NONE;
  38   3              }
  39   2          }
  40   1      }
  41          
  42          /**
  43           * @brief  电源管理模块初始化
  44           * @note   配置：
  45           *         - P0.5: 充电器检测（输入，无上下拉）
  46           *         - P0.1: 充电状态（输入，内部上拉）
  47           *         - INT4中断：双沿触发（充电器插拔唤醒）
  48           */
  49          void Power_Init(void)
  50          {
  51   1          PWMEN &= ~(1 << 3);
  52   1          GPIO_Init(CHARGER_DETECT_PIN, GPIO_MODE_INPUT_ANALOG);
  53   1          
  54   1          GPIO_Init(CHARGE_STATUS_PIN, GPIO_MODE_INPUT_PULLUP);
  55   1          
C51 COMPILER V7.00  POWER                                                                  09/29/2026 07:47:58 PAGE 2   

  56   1          EP2CON = (1 << 7) | (1 << 6) | (1 << 5) | (1 << 0);
  57   1          INT4EN = 1;
  58   1          
  59   1          s_power_state = POWER_STATE_OFF;
  60   1          s_charger_state = CHARGER_STATE_NONE;
  61   1          s_idle_counter = 0;
  62   1          s_last_p05_state = GPIO_ReadPin(CHARGER_DETECT_PIN);
  63   1      }
  64          
  65          /**
  66           * @brief  获取电源状态
  67           * @return 当前电源状态（ON/OFF）
  68           */
  69          Power_State_t Power_GetState(void)
  70          {
  71   1          return s_power_state;
  72   1      }
  73          
  74          /**
  75           * @brief  获取充电器状态
  76           * @return 当前充电器状态（NONE/CHARGING/FULL）
  77           */
  78          Charger_State_t Power_GetChargerState(void)
  79          {
  80   1          return s_charger_state;
  81   1      }
  82          
  83          /**
  84           * @brief  设置电源状态
  85           * @param  state: 目标状态（ON/OFF）
  86           * @note   开机时会重置空闲计时器
  87           */
  88          void Power_SetState(Power_State_t state)
  89          {
  90   1          s_power_state = state;
  91   1          
  92   1          if (state == POWER_STATE_ON)
  93   1          {
  94   2              s_idle_counter = 0;
  95   2          }
  96   1      }
  97          
  98          /**
  99           * @brief  获取空闲计时器值
 100           * @return 空闲时间（毫秒）
 101           */
 102          //u32 Power_GetIdleCounter(void)
 103          //{
 104          //    return s_idle_counter;
 105          //}
 106          
 107          /**
 108           * @brief  重置空闲计时器
 109           * @note   在有用户操作时调用，防止自动关机
 110           */
 111          void Power_ResetIdleCounter(void)
 112          {
 113   1          s_idle_counter = 0;
 114   1      }
 115          
 116          void Power_IncrementIdleCounter(void)
 117          {
C51 COMPILER V7.00  POWER                                                                  09/29/2026 07:47:58 PAGE 3   

 118   1          if (s_idle_counter < 0xFFFFFFFFUL)
 119   1          {
 120   2              s_idle_counter++;
 121   2          }
 122   1      }
 123          
 124          /**
 125           * @brief  进入STOP低功耗模式
 126           * @note   功耗：< 7μA
 127           *         唤醒源：
 128           *         - INT0 (P0.0 按键)
 129           *         - INT4 (P0.5 充电器插拔)
 130           * @warning 此函数会阻塞直到被唤醒
 131           */
 132          void Power_EnterStopMode(void)
 133          {
 134   1          bit ea_backup;
 135   1          u8 ckcon_backup;
 136   1          
 137   1          I2CCON = 0x00;
 138   1          MECON |= (1 << 6);
 139   1          
 140   1          ckcon_backup = CKCON & 0xFE;
 141   1          ea_backup = EA;
 142   1          EA = 0;
 143   1          
 144   1          CKCON = 0x00;
 145   1          PCON |= 0x02;
 146   1          _nop_();
 147   1          _nop_();
 148   1          _nop_();
 149   1          
 150   1          CKCON = ckcon_backup | (1 << 7);
 151   1          EA = ea_backup;
 152   1      }
 153          
 154          /**
 155           * @brief  STOP模式唤醒后的恢复处理
 156           * @note   恢复时钟和中断使能
 157           */
 158          void Power_WakeUpHandler(void)
 159          {
 160   1          CKCON |= (1 << 7);
 161   1          EA = 1;
 162   1      }
 163          
 164          /**
 165           * @brief  检测充电器插入/拔出事件
 166           * @note   私有函数，由Power_Poll()调用
 167           *         处理逻辑：
 168           *         - 插入充电器 → 更新充电状态 + 唤醒系统
 169           *         - 拔出充电器 → 清除充电状态 + 关闭系统
 170           */
 171          static void Check_Charger_PlugUnplug(void)
 172          {
 173   1          u8 current_p05_state;
 174   1          u8 charge_status;
 175   1          
 176   1          current_p05_state = GPIO_ReadPin(CHARGER_DETECT_PIN);
 177   1          
 178   1          if (current_p05_state != s_last_p05_state)
 179   1          {
C51 COMPILER V7.00  POWER                                                                  09/29/2026 07:47:58 PAGE 4   

 180   2              current_p05_state = GPIO_ReadPin(CHARGER_DETECT_PIN);
 181   2              
 182   2              switch (current_p05_state)
 183   2              {
 184   3                  case GPIO_LEVEL_HIGH:
 185   3                      charge_status = GPIO_ReadPin(CHARGE_STATUS_PIN);
 186   3                      
 187   3                      if (charge_status == GPIO_LEVEL_HIGH)
 188   3                      {
 189   4                          s_charger_state = CHARGER_STATE_FULL;
 190   4                      }
 191   3                      else
 192   3                      {
 193   4                          s_charger_state = CHARGER_STATE_CHARGING;
 194   4                      }
 195   3                      
 196   3                      if (s_power_state == POWER_STATE_OFF)
 197   3                      {
 198   4                          s_power_state = POWER_STATE_ON;
 199   4                          s_idle_counter = 0;
 200   4                      }
 201   3                      break;
 202   3                      
 203   3                  default:
 204   3                      s_charger_state = CHARGER_STATE_NONE;
 205   3                      
 206   3                      if (s_power_state == POWER_STATE_ON)
 207   3                      {
 208   4                          s_power_state = POWER_STATE_OFF;
 209   4                      }
 210   3                      break;
 211   3              }
 212   2              
 213   2              s_last_p05_state = current_p05_state;
 214   2          }
 215   1      }
 216          
 217          /**
 218           * @brief  更新充电状态（充电中/充满）
 219           * @note   私有函数，由Power_Poll()调用
 220           *         仅在充电器已连接时才更新
 221           */
 222          static void Update_Charging_Status(void)
 223          {
 224   1          u8 charge_status;
 225   1          
 226   1          if (s_charger_state == CHARGER_STATE_CHARGING || 
 227   1              s_charger_state == CHARGER_STATE_FULL)
 228   1          {
 229   2              charge_status = GPIO_ReadPin(CHARGE_STATUS_PIN);
 230   2              
 231   2              if (charge_status == GPIO_LEVEL_HIGH)
 232   2              {
 233   3                  s_charger_state = CHARGER_STATE_FULL;
 234   3              }
 235   2              else
 236   2              {
 237   3                  s_charger_state = CHARGER_STATE_CHARGING;
 238   3              }
 239   2          }
 240   1      }
 241          
C51 COMPILER V7.00  POWER                                                                  09/29/2026 07:47:58 PAGE 5   

 242          /**
 243           * @brief  检查是否需要自动关机
 244           * @note   私有函数，由Power_Poll()调用
 245           *         条件：
 246           *         - 系统处于ON状态
 247           *         - 无充电器连接
 248           *         - 马达处于IDLE模式
 249           *         - 空闲时间 >= AUTO_POWEROFF_TIME_MS (5分钟)
 250           */
 251          static void Check_AutoPowerOff(void)
 252          {
 253   1          if (s_power_state != POWER_STATE_ON)
 254   1          {
 255   2              return;
 256   2          }
 257   1          
 258   1          if (s_charger_state != CHARGER_STATE_NONE)
 259   1          {
 260   2              return;
 261   2          }
 262   1          
 263   1          if (Motor_GetMode() != MOTOR_MODE_IDLE)
 264   1          {
 265   2              return;
 266   2          }
 267   1          
 268   1          if (s_idle_counter >= AUTO_POWEROFF_TIME_MS)
 269   1          {
 270   2              s_power_state = POWER_STATE_OFF;
 271   2          }
 272   1      }
 273          
 274          /**
 275           * @brief  电源管理轮询函数（非阻塞，需1ms调用一次）
 276           * @note   实现功能：
 277           *         1. 检测充电器插拔事件
 278           *         2. 更新充电状态（充电中/充满）
 279           *         3. 检查是否满足自动关机条件
 280           */
 281          void Power_Poll(void)
 282          {
 283   1          Check_Charger_PlugUnplug();
 284   1          Update_Charging_Status();
 285   1          Check_AutoPowerOff();
 286   1      }


MODULE INFORMATION:   STATIC OVERLAYABLE
   CODE SIZE        =    478    ----
   CONSTANT SIZE    =   ----    ----
   XDATA SIZE       =      7       1
   PDATA SIZE       =   ----    ----
   DATA SIZE        =   ----    ----
   IDATA SIZE       =   ----    ----
   BIT SIZE         =   ----       1
END OF MODULE INFORMATION.


C51 COMPILATION COMPLETE.  0 WARNING(S),  0 ERROR(S)
